torch.compile disabled in this fork runtime path.
Using PyTorch SDPA attention backend.
GPU: NVIDIA RTX 4000 Ada Generation Laptop GPU
GPU VRAM: 12.0 GB
GPU CC: 8.9
GPU profile: ada-10-15gb
Consumer matrix support: yes
TF32: enabled
AMP dtype: torch.bfloat16
Vocab size: 8,192
Dataset: tinystories
Muon compute dtype: torch.bfloat16 (matching AMP dtype)
Running consumer GPU autotune in eager mode...
Autotune probe: train_batch_size=16, checkpointing=off
Scaling AdamW LRs by 1/sqrt(512/768) = 1.224745
  rejected (OOM, runtime error, or >90% VRAM use)
Autotune probe: train_batch_size=8, checkpointing=off
Scaling AdamW LRs by 1/sqrt(512/768) = 1.224745
  accepted: tok/sec=77,946, peak_vram_mb=6309.3
Autotune probe: train_batch_size=4, checkpointing=off
Scaling AdamW LRs by 1/sqrt(512/768) = 1.224745
  accepted: tok/sec=76,661, peak_vram_mb=3497.1
Autotune selected candidate: batch_size=8, checkpointing=off.
Attention backend: sdpa
torch.compile: disabled
Trying train candidate: batch_size=8, activation_checkpointing=disabled
Model config: {'sequence_len': 2048, 'vocab_size': 8192, 'n_layer': 8, 'n_head': 4, 'n_kv_head': 4, 'n_embd': 512, 'window_pattern': 'SSSL', 'attention_backend': 'sdpa', 'use_activation_checkpointing': False, 'compute_dtype': torch.bfloat16}
Parameter counts:
  wte                     : 4,194,304
  value_embeds            : 16,777,216
  lm_head                 : 4,194,304
  transformer_matrices    : 25,166,336
  scalars                 : 16
  total                   : 50,332,176
Estimated FLOPs per token: 2.390784e+08
Scaling AdamW LRs by 1/sqrt(512/768) = 1.224745
Time budget: 300s
Gradient accumulation steps: 32

step 00000 (0.0%) | loss: 9.010401 | lrm: 1.00 | dt: 6741ms | tok/sec: 77,770 | mfu: n/a | epoch: 1 | remaining: 10s    
step 00001 (0.0%) | loss: 9.394904 | lrm: 1.00 | dt: 6725ms | tok/sec: 77,956 | mfu: n/a | epoch: 1 | remaining: 10s    
step 00002 (0.0%) | loss: 9.260809 | lrm: 1.00 | dt: 6716ms | tok/sec: 78,064 | mfu: n/a | epoch: 1 | remaining: 10s    
Saved checkpoint_pre_eval.pt
Eval completed with batch_size=8
---
val_bpb:          2.635034
training_seconds: 0.0
total_seconds:    21.1
peak_vram_mb:     6309.3
mfu_percent:      n/a
total_tokens_M:   1.6
num_steps:        3
num_params_M:     50.3
depth:            8
dataset:          tinystories
train_batch_size: 8
eval_batch_size:  8
activation_checkpointing: disabled
smoke_test:       true
