torch.compile disabled in this fork runtime path.
Using PyTorch SDPA attention backend.
GPU: NVIDIA RTX 4000 Ada Generation Laptop GPU
GPU VRAM: 12.0 GB
GPU CC: 8.9
GPU profile: ada-10-15gb
Consumer matrix support: yes
TF32: enabled
AMP dtype: torch.bfloat16
Vocab size: 8,192
Dataset: tinystories
Muon compute dtype: torch.bfloat16 (matching AMP dtype)
Autotune cache refresh requested by AUTORESEARCH_AUTOTUNE_REFRESH=1.
Running consumer GPU autotune in eager mode...
Autotune probe: train_batch_size=16, checkpointing=off
Scaling AdamW LRs by 1/sqrt(512/768) = 1.224745
  rejected (OOM, runtime error, or >90% VRAM use)
Autotune probe: train_batch_size=8, checkpointing=off
Scaling AdamW LRs by 1/sqrt(512/768) = 1.224745
  accepted: tok/sec=78,477, peak_vram_mb=6309.3
Autotune probe: train_batch_size=4, checkpointing=off
Scaling AdamW LRs by 1/sqrt(512/768) = 1.224745
  accepted: tok/sec=76,941, peak_vram_mb=3497.1
Autotune selected candidate: batch_size=8, checkpointing=off.
Attention backend: sdpa
torch.compile: disabled
Trying train candidate: batch_size=8, activation_checkpointing=disabled
Model config: {'sequence_len': 2048, 'vocab_size': 8192, 'n_layer': 8, 'n_head': 4, 'n_kv_head': 4, 'n_embd': 512, 'window_pattern': 'SSSL', 'attention_backend': 'sdpa', 'use_activation_checkpointing': False, 'compute_dtype': torch.bfloat16}
Parameter counts:
  wte                     : 4,194,304
  value_embeds            : 16,777,216
  lm_head                 : 4,194,304
  transformer_matrices    : 25,166,336
  scalars                 : 16
  total                   : 50,332,176
Estimated FLOPs per token: 2.390784e+08
Scaling AdamW LRs by 1/sqrt(512/768) = 1.224745
Time budget: 300s
Gradient accumulation steps: 32

step 00000 (0.0%) | loss: 9.010401 | lrm: 1.00 | dt: 6649ms | tok/sec: 78,854 | mfu: n/a | epoch: 1 | remaining: 300s    
step 00001 (0.0%) | loss: 9.394904 | lrm: 1.00 | dt: 6699ms | tok/sec: 78,266 | mfu: n/a | epoch: 1 | remaining: 300s    
step 00002 (0.0%) | loss: 9.260820 | lrm: 1.00 | dt: 6708ms | tok/sec: 78,160 | mfu: n/a | epoch: 1 | remaining: 300s    
step 00003 (0.0%) | loss: 8.693700 | lrm: 1.00 | dt: 6712ms | tok/sec: 78,116 | mfu: n/a | epoch: 1 | remaining: 300s    
step 00004 (0.0%) | loss: 8.060140 | lrm: 1.00 | dt: 6707ms | tok/sec: 78,164 | mfu: n/a | epoch: 1 | remaining: 300s    
step 00005 (0.0%) | loss: 7.525645 | lrm: 1.00 | dt: 6711ms | tok/sec: 78,122 | mfu: n/a | epoch: 1 | remaining: 300s    
step 00006 (0.0%) | loss: 7.000492 | lrm: 1.00 | dt: 6708ms | tok/sec: 78,160 | mfu: n/a | epoch: 1 | remaining: 300s    
step 00007 (0.0%) | loss: 6.558625 | lrm: 1.00 | dt: 6705ms | tok/sec: 78,190 | mfu: n/a | epoch: 1 | remaining: 300s    
step 00008 (0.0%) | loss: 6.192088 | lrm: 1.00 | dt: 6714ms | tok/sec: 78,092 | mfu: n/a | epoch: 1 | remaining: 300s    
step 00009 (0.0%) | loss: 5.879719 | lrm: 1.00 | dt: 6719ms | tok/sec: 78,034 | mfu: n/a | epoch: 1 | remaining: 300s    
step 00010 (0.0%) | loss: 5.617322 | lrm: 1.00 | dt: 6716ms | tok/sec: 78,067 | mfu: n/a | epoch: 1 | remaining: 300s    
step 00011 (0.0%) | loss: 5.388226 | lrm: 1.00 | dt: 6714ms | tok/sec: 78,092 | mfu: n/a | epoch: 1 | remaining: 293s    
step 00012 (2.2%) | loss: 5.183205 | lrm: 1.00 | dt: 6715ms | tok/sec: 78,076 | mfu: n/a | epoch: 1 | remaining: 287s    
step 00013 (4.5%) | loss: 5.014444 | lrm: 1.00 | dt: 6741ms | tok/sec: 77,776 | mfu: n/a | epoch: 1 | remaining: 280s    
step 00014 (6.7%) | loss: 4.856119 | lrm: 1.00 | dt: 6739ms | tok/sec: 77,799 | mfu: n/a | epoch: 1 | remaining: 273s    
step 00015 (9.0%) | loss: 4.733088 | lrm: 1.00 | dt: 6731ms | tok/sec: 77,896 | mfu: n/a | epoch: 1 | remaining: 266s    
step 00016 (11.2%) | loss: 4.626261 | lrm: 1.00 | dt: 6713ms | tok/sec: 78,102 | mfu: n/a | epoch: 1 | remaining: 260s    
step 00017 (13.5%) | loss: 4.525359 | lrm: 1.00 | dt: 6716ms | tok/sec: 78,063 | mfu: n/a | epoch: 1 | remaining: 253s    
step 00018 (15.7%) | loss: 4.443311 | lrm: 1.00 | dt: 6719ms | tok/sec: 78,033 | mfu: n/a | epoch: 1 | remaining: 246s    
step 00019 (17.9%) | loss: 4.359085 | lrm: 1.00 | dt: 6724ms | tok/sec: 77,970 | mfu: n/a | epoch: 1 | remaining: 239s    
step 00020 (20.2%) | loss: 4.267358 | lrm: 1.00 | dt: 6722ms | tok/sec: 77,992 | mfu: n/a | epoch: 1 | remaining: 233s    
step 00021 (22.4%) | loss: 4.199278 | lrm: 1.00 | dt: 6716ms | tok/sec: 78,062 | mfu: n/a | epoch: 1 | remaining: 226s    
step 00022 (24.6%) | loss: 4.142585 | lrm: 1.00 | dt: 6723ms | tok/sec: 77,980 | mfu: n/a | epoch: 1 | remaining: 219s    
step 00023 (26.9%) | loss: 4.097918 | lrm: 1.00 | dt: 6728ms | tok/sec: 77,929 | mfu: n/a | epoch: 1 | remaining: 213s    
step 00024 (29.1%) | loss: 4.039038 | lrm: 1.00 | dt: 6748ms | tok/sec: 77,690 | mfu: n/a | epoch: 1 | remaining: 206s    
step 00025 (31.4%) | loss: 3.976282 | lrm: 1.00 | dt: 6742ms | tok/sec: 77,764 | mfu: n/a | epoch: 1 | remaining: 199s    
step 00026 (33.6%) | loss: 3.913228 | lrm: 1.00 | dt: 6737ms | tok/sec: 77,816 | mfu: n/a | epoch: 1 | remaining: 192s    
step 00027 (35.9%) | loss: 3.863741 | lrm: 1.00 | dt: 6732ms | tok/sec: 77,885 | mfu: n/a | epoch: 1 | remaining: 186s    
step 00028 (38.1%) | loss: 3.814290 | lrm: 1.00 | dt: 6750ms | tok/sec: 77,667 | mfu: n/a | epoch: 1 | remaining: 179s    
step 00029 (40.4%) | loss: 3.759902 | lrm: 1.00 | dt: 6759ms | tok/sec: 77,565 | mfu: n/a | epoch: 1 | remaining: 172s    
step 00030 (42.6%) | loss: 3.710032 | lrm: 1.00 | dt: 6752ms | tok/sec: 77,646 | mfu: n/a | epoch: 1 | remaining: 165s    
step 00031 (44.9%) | loss: 3.674487 | lrm: 1.00 | dt: 6739ms | tok/sec: 77,797 | mfu: n/a | epoch: 1 | remaining: 159s    
step 00032 (47.1%) | loss: 3.608413 | lrm: 1.00 | dt: 6720ms | tok/sec: 78,013 | mfu: n/a | epoch: 1 | remaining: 152s    
step 00033 (49.4%) | loss: 3.564202 | lrm: 1.00 | dt: 6713ms | tok/sec: 78,101 | mfu: n/a | epoch: 1 | remaining: 145s    
step 00034 (51.6%) | loss: 3.516993 | lrm: 0.97 | dt: 6711ms | tok/sec: 78,126 | mfu: n/a | epoch: 1 | remaining: 138s    
step 00035 (53.8%) | loss: 3.455032 | lrm: 0.92 | dt: 6726ms | tok/sec: 77,953 | mfu: n/a | epoch: 1 | remaining: 132s    
step 00036 (56.1%) | loss: 3.391378 | lrm: 0.88 | dt: 6719ms | tok/sec: 78,035 | mfu: n/a | epoch: 1 | remaining: 125s    
step 00037 (58.3%) | loss: 3.335928 | lrm: 0.83 | dt: 6717ms | tok/sec: 78,053 | mfu: n/a | epoch: 1 | remaining: 118s    
step 00038 (60.6%) | loss: 3.287223 | lrm: 0.79 | dt: 6716ms | tok/sec: 78,064 | mfu: n/a | epoch: 1 | remaining: 112s    
step 00039 (62.8%) | loss: 3.232116 | lrm: 0.74 | dt: 6718ms | tok/sec: 78,043 | mfu: n/a | epoch: 1 | remaining: 105s    
step 00040 (65.0%) | loss: 3.173744 | lrm: 0.70 | dt: 6716ms | tok/sec: 78,068 | mfu: n/a | epoch: 1 | remaining: 98s    
step 00041 (67.3%) | loss: 3.131512 | lrm: 0.65 | dt: 6718ms | tok/sec: 78,047 | mfu: n/a | epoch: 1 | remaining: 91s    
step 00042 (69.5%) | loss: 3.090896 | lrm: 0.61 | dt: 6708ms | tok/sec: 78,154 | mfu: n/a | epoch: 1 | remaining: 85s    
step 00043 (71.7%) | loss: 3.035963 | lrm: 0.57 | dt: 6714ms | tok/sec: 78,086 | mfu: n/a | epoch: 1 | remaining: 78s    
step 00044 (74.0%) | loss: 2.982930 | lrm: 0.52 | dt: 6708ms | tok/sec: 78,159 | mfu: n/a | epoch: 1 | remaining: 71s    
step 00045 (76.2%) | loss: 2.939480 | lrm: 0.48 | dt: 6717ms | tok/sec: 78,055 | mfu: n/a | epoch: 1 | remaining: 65s    
step 00046 (78.5%) | loss: 2.889811 | lrm: 0.43 | dt: 6730ms | tok/sec: 77,908 | mfu: n/a | epoch: 1 | remaining: 58s    
step 00047 (80.7%) | loss: 2.851280 | lrm: 0.39 | dt: 6726ms | tok/sec: 77,945 | mfu: n/a | epoch: 1 | remaining: 51s    
step 00048 (82.9%) | loss: 2.812931 | lrm: 0.34 | dt: 6716ms | tok/sec: 78,069 | mfu: n/a | epoch: 1 | remaining: 44s    
step 00049 (85.2%) | loss: 2.765015 | lrm: 0.30 | dt: 6721ms | tok/sec: 78,010 | mfu: n/a | epoch: 1 | remaining: 38s    
step 00050 (87.4%) | loss: 2.730034 | lrm: 0.25 | dt: 6723ms | tok/sec: 77,985 | mfu: n/a | epoch: 1 | remaining: 31s    
step 00051 (89.7%) | loss: 2.697546 | lrm: 0.21 | dt: 6718ms | tok/sec: 78,043 | mfu: n/a | epoch: 1 | remaining: 24s    
step 00052 (91.9%) | loss: 2.669605 | lrm: 0.16 | dt: 6712ms | tok/sec: 78,114 | mfu: n/a | epoch: 1 | remaining: 18s    
step 00053 (94.1%) | loss: 2.640162 | lrm: 0.12 | dt: 6715ms | tok/sec: 78,072 | mfu: n/a | epoch: 1 | remaining: 11s    
step 00054 (96.4%) | loss: 2.610949 | lrm: 0.07 | dt: 6715ms | tok/sec: 78,073 | mfu: n/a | epoch: 1 | remaining: 4s    
step 00055 (98.6%) | loss: 2.578279 | lrm: 0.03 | dt: 6720ms | tok/sec: 78,022 | mfu: n/a | epoch: 1 | remaining: 0s    
Saved checkpoint_pre_eval.pt
Eval completed with batch_size=8
---
val_bpb:          0.818896
training_seconds: 302.6
total_seconds:    476.1
peak_vram_mb:     6309.3
mfu_percent:      n/a
total_tokens_M:   29.4
num_steps:        56
num_params_M:     50.3
depth:            8
dataset:          tinystories
train_batch_size: 8
eval_batch_size:  8
activation_checkpointing: disabled
