torch.compile disabled in this fork runtime path.
Using PyTorch SDPA attention backend.
GPU: NVIDIA RTX 4000 Ada Generation Laptop GPU
GPU VRAM: 12.0 GB
GPU CC: 8.9
GPU profile: ada-10-15gb
Consumer matrix support: yes
TF32: enabled
AMP dtype: torch.bfloat16
Vocab size: 8,192
Dataset: tinystories
Muon compute dtype: torch.bfloat16 (matching AMP dtype)
Using cached autotune candidate: batch_size=8, checkpointing=on.
Attention backend: sdpa
torch.compile: disabled
Trying train candidate: batch_size=8, activation_checkpointing=enabled
Model config: {'sequence_len': 2048, 'vocab_size': 8192, 'n_layer': 8, 'n_head': 4, 'n_kv_head': 4, 'n_embd': 512, 'window_pattern': 'SSSL', 'attention_backend': 'sdpa', 'use_activation_checkpointing': True, 'compute_dtype': torch.bfloat16}
Parameter counts:
  wte                     : 4,194,304
  value_embeds            : 16,777,216
  lm_head                 : 4,194,304
  transformer_matrices    : 25,166,336
  scalars                 : 16
  total                   : 50,332,176
Estimated FLOPs per token: 2.390784e+08
Scaling AdamW LRs by 1/sqrt(512/768) = 1.224745
Time budget: 300s
Gradient accumulation steps: 32

step 00000 (0.0%) | loss: 9.010401 | lrm: 1.00 | dt: 8239ms | tok/sec: 63,635 | mfu: n/a | epoch: 1 | remaining: 300s    
step 00001 (0.0%) | loss: 9.394904 | lrm: 1.00 | dt: 8054ms | tok/sec: 65,096 | mfu: n/a | epoch: 1 | remaining: 300s    
step 00002 (0.0%) | loss: 9.260838 | lrm: 1.00 | dt: 8062ms | tok/sec: 65,031 | mfu: n/a | epoch: 1 | remaining: 300s    
step 00003 (0.0%) | loss: 8.694039 | lrm: 1.00 | dt: 8072ms | tok/sec: 64,948 | mfu: n/a | epoch: 1 | remaining: 300s    
step 00004 (0.0%) | loss: 8.061046 | lrm: 1.00 | dt: 8071ms | tok/sec: 64,959 | mfu: n/a | epoch: 1 | remaining: 300s    
step 00005 (0.0%) | loss: 7.526713 | lrm: 1.00 | dt: 8094ms | tok/sec: 64,774 | mfu: n/a | epoch: 1 | remaining: 300s    
step 00006 (0.0%) | loss: 7.001826 | lrm: 1.00 | dt: 8103ms | tok/sec: 64,702 | mfu: n/a | epoch: 1 | remaining: 300s    
step 00007 (0.0%) | loss: 6.559727 | lrm: 1.00 | dt: 8103ms | tok/sec: 64,703 | mfu: n/a | epoch: 1 | remaining: 300s    
step 00008 (0.0%) | loss: 6.192582 | lrm: 1.00 | dt: 8106ms | tok/sec: 64,680 | mfu: n/a | epoch: 1 | remaining: 300s    
step 00009 (0.0%) | loss: 5.880124 | lrm: 1.00 | dt: 8127ms | tok/sec: 64,510 | mfu: n/a | epoch: 1 | remaining: 300s    
step 00010 (0.0%) | loss: 5.618401 | lrm: 1.00 | dt: 8133ms | tok/sec: 64,467 | mfu: n/a | epoch: 1 | remaining: 300s    
step 00011 (0.0%) | loss: 5.389268 | lrm: 1.00 | dt: 8135ms | tok/sec: 64,444 | mfu: n/a | epoch: 1 | remaining: 292s    
step 00012 (2.7%) | loss: 5.184088 | lrm: 1.00 | dt: 8143ms | tok/sec: 64,386 | mfu: n/a | epoch: 1 | remaining: 284s    
step 00013 (5.4%) | loss: 5.015251 | lrm: 1.00 | dt: 8152ms | tok/sec: 64,312 | mfu: n/a | epoch: 1 | remaining: 276s    
step 00014 (8.1%) | loss: 4.856818 | lrm: 1.00 | dt: 8134ms | tok/sec: 64,456 | mfu: n/a | epoch: 1 | remaining: 267s    
step 00015 (10.9%) | loss: 4.733661 | lrm: 1.00 | dt: 8138ms | tok/sec: 64,423 | mfu: n/a | epoch: 1 | remaining: 259s    
step 00016 (13.6%) | loss: 4.626849 | lrm: 1.00 | dt: 8135ms | tok/sec: 64,449 | mfu: n/a | epoch: 1 | remaining: 251s    
step 00017 (16.3%) | loss: 4.525875 | lrm: 1.00 | dt: 8141ms | tok/sec: 64,402 | mfu: n/a | epoch: 1 | remaining: 243s    
step 00018 (19.0%) | loss: 4.443984 | lrm: 1.00 | dt: 8139ms | tok/sec: 64,419 | mfu: n/a | epoch: 1 | remaining: 235s    
step 00019 (21.7%) | loss: 4.360514 | lrm: 1.00 | dt: 8141ms | tok/sec: 64,403 | mfu: n/a | epoch: 1 | remaining: 227s    
step 00020 (24.4%) | loss: 4.269038 | lrm: 1.00 | dt: 8144ms | tok/sec: 64,377 | mfu: n/a | epoch: 1 | remaining: 219s    
step 00021 (27.1%) | loss: 4.203575 | lrm: 1.00 | dt: 8145ms | tok/sec: 64,370 | mfu: n/a | epoch: 1 | remaining: 210s    
step 00022 (29.8%) | loss: 4.146643 | lrm: 1.00 | dt: 8148ms | tok/sec: 64,348 | mfu: n/a | epoch: 1 | remaining: 202s    
step 00023 (32.6%) | loss: 4.099341 | lrm: 1.00 | dt: 8153ms | tok/sec: 64,303 | mfu: n/a | epoch: 1 | remaining: 194s    
step 00024 (35.3%) | loss: 4.040428 | lrm: 1.00 | dt: 8154ms | tok/sec: 64,300 | mfu: n/a | epoch: 1 | remaining: 186s    
step 00025 (38.0%) | loss: 3.977645 | lrm: 1.00 | dt: 8148ms | tok/sec: 64,347 | mfu: n/a | epoch: 1 | remaining: 178s    
step 00026 (40.7%) | loss: 3.915028 | lrm: 1.00 | dt: 8156ms | tok/sec: 64,286 | mfu: n/a | epoch: 1 | remaining: 170s    
step 00027 (43.4%) | loss: 3.866944 | lrm: 1.00 | dt: 8155ms | tok/sec: 64,287 | mfu: n/a | epoch: 1 | remaining: 162s    
step 00028 (46.2%) | loss: 3.818428 | lrm: 1.00 | dt: 8152ms | tok/sec: 64,310 | mfu: n/a | epoch: 1 | remaining: 153s    
step 00029 (48.9%) | loss: 3.765067 | lrm: 1.00 | dt: 8158ms | tok/sec: 64,264 | mfu: n/a | epoch: 1 | remaining: 145s    
step 00030 (51.6%) | loss: 3.715487 | lrm: 0.97 | dt: 8246ms | tok/sec: 63,580 | mfu: n/a | epoch: 1 | remaining: 137s    
step 00031 (54.3%) | loss: 3.680317 | lrm: 0.91 | dt: 8173ms | tok/sec: 64,145 | mfu: n/a | epoch: 1 | remaining: 129s    
step 00032 (57.1%) | loss: 3.614283 | lrm: 0.86 | dt: 8146ms | tok/sec: 64,358 | mfu: n/a | epoch: 1 | remaining: 121s    
step 00033 (59.8%) | loss: 3.568814 | lrm: 0.80 | dt: 8167ms | tok/sec: 64,194 | mfu: n/a | epoch: 1 | remaining: 112s    
step 00034 (62.5%) | loss: 3.520743 | lrm: 0.75 | dt: 8151ms | tok/sec: 64,321 | mfu: n/a | epoch: 1 | remaining: 104s    
step 00035 (65.2%) | loss: 3.461402 | lrm: 0.70 | dt: 8166ms | tok/sec: 64,204 | mfu: n/a | epoch: 1 | remaining: 96s    
step 00036 (67.9%) | loss: 3.400303 | lrm: 0.64 | dt: 8164ms | tok/sec: 64,221 | mfu: n/a | epoch: 1 | remaining: 88s    
step 00037 (70.7%) | loss: 3.345439 | lrm: 0.59 | dt: 8165ms | tok/sec: 64,209 | mfu: n/a | epoch: 1 | remaining: 80s    
step 00038 (73.4%) | loss: 3.300365 | lrm: 0.53 | dt: 8156ms | tok/sec: 64,283 | mfu: n/a | epoch: 1 | remaining: 72s    
step 00039 (76.1%) | loss: 3.249224 | lrm: 0.48 | dt: 8154ms | tok/sec: 64,296 | mfu: n/a | epoch: 1 | remaining: 64s    
step 00040 (78.8%) | loss: 3.193582 | lrm: 0.42 | dt: 8150ms | tok/sec: 64,332 | mfu: n/a | epoch: 1 | remaining: 55s    
step 00041 (81.5%) | loss: 3.154387 | lrm: 0.37 | dt: 8159ms | tok/sec: 64,262 | mfu: n/a | epoch: 1 | remaining: 47s    
step 00042 (84.3%) | loss: 3.117715 | lrm: 0.31 | dt: 8156ms | tok/sec: 64,284 | mfu: n/a | epoch: 1 | remaining: 39s    
step 00043 (87.0%) | loss: 3.067914 | lrm: 0.26 | dt: 8180ms | tok/sec: 64,093 | mfu: n/a | epoch: 1 | remaining: 31s    
step 00044 (89.7%) | loss: 3.021615 | lrm: 0.21 | dt: 8166ms | tok/sec: 64,207 | mfu: n/a | epoch: 1 | remaining: 23s    
step 00045 (92.4%) | loss: 2.985843 | lrm: 0.15 | dt: 8186ms | tok/sec: 64,046 | mfu: n/a | epoch: 1 | remaining: 15s    
step 00046 (95.2%) | loss: 2.943960 | lrm: 0.10 | dt: 8173ms | tok/sec: 64,150 | mfu: n/a | epoch: 1 | remaining: 6s    
step 00047 (97.9%) | loss: 2.915158 | lrm: 0.04 | dt: 8157ms | tok/sec: 64,272 | mfu: n/a | epoch: 1 | remaining: 0s    
Saved checkpoint_pre_eval.pt
Eval completed with batch_size=8
---
val_bpb:          0.908762
training_seconds: 301.8
total_seconds:    491.7
peak_vram_mb:     2985.3
mfu_percent:      n/a
total_tokens_M:   25.2
num_steps:        48
num_params_M:     50.3
depth:            8
dataset:          tinystories
train_batch_size: 8
eval_batch_size:  8
activation_checkpointing: enabled
