torch.compile disabled in this fork runtime path.
Using PyTorch SDPA attention backend.
GPU: NVIDIA RTX 4000 Ada Generation Laptop GPU
GPU VRAM: 12.0 GB
GPU CC: 8.9
GPU profile: ada-10-15gb
Consumer matrix support: yes
TF32: enabled
AMP dtype: torch.bfloat16
Vocab size: 8,192
Dataset: tinystories
Muon compute dtype: torch.bfloat16 (matching AMP dtype)
Using cached autotune candidate: batch_size=8, checkpointing=on.
Attention backend: sdpa
torch.compile: disabled
Trying train candidate: batch_size=8, activation_checkpointing=enabled
Model config: {'sequence_len': 2048, 'vocab_size': 8192, 'n_layer': 8, 'n_head': 4, 'n_kv_head': 4, 'n_embd': 512, 'window_pattern': 'SSSL', 'attention_backend': 'sdpa', 'use_activation_checkpointing': True, 'compute_dtype': torch.bfloat16}
Parameter counts:
  wte                     : 4,194,304
  value_embeds            : 16,777,216
  lm_head                 : 4,194,304
  transformer_matrices    : 25,166,336
  scalars                 : 16
  total                   : 50,332,176
Estimated FLOPs per token: 2.390784e+08
Scaling AdamW LRs by 1/sqrt(512/768) = 1.224745
Time budget: 300s
Gradient accumulation steps: 32

step 00000 (0.0%) | loss: 9.010401 | lrm: 1.00 | dt: 8352ms | tok/sec: 62,776 | mfu: n/a | epoch: 1 | remaining: 300s    
step 00001 (0.0%) | loss: 9.394904 | lrm: 1.00 | dt: 8127ms | tok/sec: 64,509 | mfu: n/a | epoch: 1 | remaining: 300s    
step 00002 (0.0%) | loss: 9.260774 | lrm: 1.00 | dt: 8099ms | tok/sec: 64,738 | mfu: n/a | epoch: 1 | remaining: 300s    
step 00003 (0.0%) | loss: 8.693798 | lrm: 1.00 | dt: 8134ms | tok/sec: 64,454 | mfu: n/a | epoch: 1 | remaining: 300s    
step 00004 (0.0%) | loss: 8.060299 | lrm: 1.00 | dt: 8124ms | tok/sec: 64,534 | mfu: n/a | epoch: 1 | remaining: 300s    
step 00005 (0.0%) | loss: 7.525257 | lrm: 1.00 | dt: 8167ms | tok/sec: 64,198 | mfu: n/a | epoch: 1 | remaining: 300s    
step 00006 (0.0%) | loss: 6.999768 | lrm: 1.00 | dt: 8153ms | tok/sec: 64,304 | mfu: n/a | epoch: 1 | remaining: 300s    
step 00007 (0.0%) | loss: 6.557689 | lrm: 1.00 | dt: 8254ms | tok/sec: 63,516 | mfu: n/a | epoch: 1 | remaining: 300s    
step 00008 (0.0%) | loss: 6.190877 | lrm: 1.00 | dt: 8244ms | tok/sec: 63,596 | mfu: n/a | epoch: 1 | remaining: 300s    
step 00009 (0.0%) | loss: 5.878857 | lrm: 1.00 | dt: 8172ms | tok/sec: 64,154 | mfu: n/a | epoch: 1 | remaining: 300s    
step 00010 (0.0%) | loss: 5.616988 | lrm: 1.00 | dt: 8156ms | tok/sec: 64,283 | mfu: n/a | epoch: 1 | remaining: 300s    
step 00011 (0.0%) | loss: 5.387745 | lrm: 1.00 | dt: 8202ms | tok/sec: 63,922 | mfu: n/a | epoch: 1 | remaining: 292s    
step 00012 (2.7%) | loss: 5.182657 | lrm: 1.00 | dt: 8168ms | tok/sec: 64,188 | mfu: n/a | epoch: 1 | remaining: 284s    
step 00013 (5.5%) | loss: 5.013851 | lrm: 1.00 | dt: 8192ms | tok/sec: 64,002 | mfu: n/a | epoch: 1 | remaining: 275s    
step 00014 (8.2%) | loss: 4.855596 | lrm: 1.00 | dt: 8162ms | tok/sec: 64,233 | mfu: n/a | epoch: 1 | remaining: 267s    
step 00015 (10.9%) | loss: 4.732622 | lrm: 1.00 | dt: 8166ms | tok/sec: 64,203 | mfu: n/a | epoch: 1 | remaining: 259s    
step 00016 (13.6%) | loss: 4.625936 | lrm: 1.00 | dt: 8185ms | tok/sec: 64,057 | mfu: n/a | epoch: 1 | remaining: 251s    
step 00017 (16.4%) | loss: 4.525032 | lrm: 1.00 | dt: 8174ms | tok/sec: 64,142 | mfu: n/a | epoch: 1 | remaining: 243s    
step 00018 (19.1%) | loss: 4.443279 | lrm: 1.00 | dt: 8181ms | tok/sec: 64,087 | mfu: n/a | epoch: 1 | remaining: 235s    
step 00019 (21.8%) | loss: 4.359922 | lrm: 1.00 | dt: 8183ms | tok/sec: 64,071 | mfu: n/a | epoch: 1 | remaining: 226s    
step 00020 (24.5%) | loss: 4.268786 | lrm: 1.00 | dt: 8168ms | tok/sec: 64,188 | mfu: n/a | epoch: 1 | remaining: 218s    
step 00021 (27.3%) | loss: 4.203213 | lrm: 1.00 | dt: 8165ms | tok/sec: 64,214 | mfu: n/a | epoch: 1 | remaining: 210s    
step 00022 (30.0%) | loss: 4.146034 | lrm: 1.00 | dt: 8161ms | tok/sec: 64,241 | mfu: n/a | epoch: 1 | remaining: 202s    
step 00023 (32.7%) | loss: 4.098569 | lrm: 1.00 | dt: 8167ms | tok/sec: 64,199 | mfu: n/a | epoch: 1 | remaining: 194s    
step 00024 (35.4%) | loss: 4.039723 | lrm: 1.00 | dt: 8173ms | tok/sec: 64,148 | mfu: n/a | epoch: 1 | remaining: 186s    
step 00025 (38.1%) | loss: 3.976774 | lrm: 1.00 | dt: 8172ms | tok/sec: 64,154 | mfu: n/a | epoch: 1 | remaining: 177s    
step 00026 (40.9%) | loss: 3.913600 | lrm: 1.00 | dt: 8182ms | tok/sec: 64,080 | mfu: n/a | epoch: 1 | remaining: 169s    
step 00027 (43.6%) | loss: 3.865108 | lrm: 1.00 | dt: 8195ms | tok/sec: 63,976 | mfu: n/a | epoch: 1 | remaining: 161s    
step 00028 (46.3%) | loss: 3.817077 | lrm: 1.00 | dt: 8194ms | tok/sec: 63,980 | mfu: n/a | epoch: 1 | remaining: 153s    
step 00029 (49.1%) | loss: 3.763731 | lrm: 1.00 | dt: 8193ms | tok/sec: 63,993 | mfu: n/a | epoch: 1 | remaining: 145s    
step 00030 (51.8%) | loss: 3.713831 | lrm: 0.96 | dt: 8181ms | tok/sec: 64,087 | mfu: n/a | epoch: 1 | remaining: 136s    
step 00031 (54.5%) | loss: 3.679800 | lrm: 0.91 | dt: 8186ms | tok/sec: 64,046 | mfu: n/a | epoch: 1 | remaining: 128s    
step 00032 (57.2%) | loss: 3.613507 | lrm: 0.86 | dt: 8189ms | tok/sec: 64,022 | mfu: n/a | epoch: 1 | remaining: 120s    
step 00033 (60.0%) | loss: 3.567071 | lrm: 0.80 | dt: 8196ms | tok/sec: 63,968 | mfu: n/a | epoch: 1 | remaining: 112s    
step 00034 (62.7%) | loss: 3.517414 | lrm: 0.75 | dt: 8172ms | tok/sec: 64,153 | mfu: n/a | epoch: 1 | remaining: 104s    
step 00035 (65.4%) | loss: 3.457105 | lrm: 0.69 | dt: 8198ms | tok/sec: 63,955 | mfu: n/a | epoch: 1 | remaining: 95s    
step 00036 (68.2%) | loss: 3.395328 | lrm: 0.64 | dt: 8191ms | tok/sec: 64,004 | mfu: n/a | epoch: 1 | remaining: 87s    
step 00037 (70.9%) | loss: 3.340094 | lrm: 0.58 | dt: 8179ms | tok/sec: 64,104 | mfu: n/a | epoch: 1 | remaining: 79s    
step 00038 (73.6%) | loss: 3.295182 | lrm: 0.53 | dt: 8208ms | tok/sec: 63,874 | mfu: n/a | epoch: 1 | remaining: 71s    
step 00039 (76.4%) | loss: 3.243424 | lrm: 0.47 | dt: 8223ms | tok/sec: 63,760 | mfu: n/a | epoch: 1 | remaining: 63s    
step 00040 (79.1%) | loss: 3.187370 | lrm: 0.42 | dt: 8214ms | tok/sec: 63,826 | mfu: n/a | epoch: 1 | remaining: 54s    
step 00041 (81.8%) | loss: 3.147725 | lrm: 0.36 | dt: 8186ms | tok/sec: 64,050 | mfu: n/a | epoch: 1 | remaining: 46s    
step 00042 (84.6%) | loss: 3.110402 | lrm: 0.31 | dt: 8189ms | tok/sec: 64,022 | mfu: n/a | epoch: 1 | remaining: 38s    
step 00043 (87.3%) | loss: 3.060198 | lrm: 0.25 | dt: 8172ms | tok/sec: 64,154 | mfu: n/a | epoch: 1 | remaining: 30s    
step 00044 (90.0%) | loss: 3.013415 | lrm: 0.20 | dt: 8192ms | tok/sec: 64,003 | mfu: n/a | epoch: 1 | remaining: 22s    
step 00045 (92.8%) | loss: 2.977466 | lrm: 0.14 | dt: 8187ms | tok/sec: 64,035 | mfu: n/a | epoch: 1 | remaining: 14s    
step 00046 (95.5%) | loss: 2.935518 | lrm: 0.09 | dt: 8181ms | tok/sec: 64,084 | mfu: n/a | epoch: 1 | remaining: 5s    
step 00047 (98.2%) | loss: 2.906670 | lrm: 0.04 | dt: 8187ms | tok/sec: 64,036 | mfu: n/a | epoch: 1 | remaining: 0s    
Saved checkpoint_pre_eval.pt
Eval completed with batch_size=8
---
val_bpb:          0.906097
training_seconds: 302.8
total_seconds:    494.0
peak_vram_mb:     2985.3
mfu_percent:      n/a
total_tokens_M:   25.2
num_steps:        48
num_params_M:     50.3
depth:            8
dataset:          tinystories
train_batch_size: 8
eval_batch_size:  8
activation_checkpointing: enabled
