Warning: laptop GPUs are outside the supported desktop matrix; running compatibility runtime path.
torch.compile disabled in this fork runtime path.
Using PyTorch SDPA attention backend.
GPU: NVIDIA RTX 4000 Ada Generation Laptop GPU
GPU VRAM: 12.0 GB
GPU CC: 8.9
GPU profile: compatibility
Consumer matrix support: compatibility path
TF32: enabled
AMP dtype: torch.bfloat16
Vocab size: 8,192
Dataset: tinystories
Muon compute dtype: torch.bfloat16 (matching AMP dtype)
Attention backend: sdpa
torch.compile: disabled
Trying train candidate: batch_size=16, activation_checkpointing=enabled
Model config: {'sequence_len': 2048, 'vocab_size': 8192, 'n_layer': 8, 'n_head': 4, 'n_kv_head': 4, 'n_embd': 512, 'window_pattern': 'SSSL', 'attention_backend': 'sdpa', 'use_activation_checkpointing': True, 'compute_dtype': torch.bfloat16}
Parameter counts:
  wte                     : 4,194,304
  value_embeds            : 16,777,216
  lm_head                 : 4,194,304
  transformer_matrices    : 25,166,336
  scalars                 : 16
  total                   : 50,332,176
Estimated FLOPs per token: 2.390784e+08
Scaling AdamW LRs by 1/sqrt(512/768) = 1.224745
Time budget: 300s
Gradient accumulation steps: 16

step 00000 (0.0%) | loss: 9.010551 | lrm: 1.00 | dt: 8621ms | tok/sec: 60,814 | mfu: n/a | epoch: 1 | remaining: 10s    
step 00001 (0.0%) | loss: 9.402697 | lrm: 1.00 | dt: 8407ms | tok/sec: 62,361 | mfu: n/a | epoch: 1 | remaining: 10s    
step 00002 (0.0%) | loss: 9.265978 | lrm: 1.00 | dt: 8394ms | tok/sec: 62,456 | mfu: n/a | epoch: 1 | remaining: 10s    
Saved checkpoint_pre_eval.pt
Eval completed with batch_size=16
---
val_bpb:          2.601279
training_seconds: 0.0
total_seconds:    27.1
peak_vram_mb:     5401.7
mfu_percent:      n/a
total_tokens_M:   1.6
num_steps:        3
num_params_M:     50.3
depth:            8
dataset:          tinystories
train_batch_size: 16
eval_batch_size:  16
activation_checkpointing: enabled
smoke_test:       true
